---
source: src/parser/if.rs
expression: "contents.lines().filter_map(|line|\n                if line != \"\" {\n                        Some(format!(\"{line}\\n{}\",\n                                |parser|\n    match If::try_from(parser) {\n        Ok(res) => res.to_string(),\n        Err(err) => format!(\"{err:#?}\"),\n    }\n                                (& mut Parser :: new(line.parse().unwrap()))))\n                    } else { None }).collect::<Vec<String>>().join(\"\\n\\n\")"
---
(if true 10 else 4)
if true {10} else {4}

(if (= 10 5) 10 else (func 4 10))
if (10) == (5) {10} else {func(4, 10)}

(if (= (func 1 10) (xyzfunc 100 (+ 1 10))) 100 elif (> 10 4) 10 else (xyzfunc 100 200))
if (func(1, 10)) == (xyzfunc(100, (1) + (10))) {100} else if (10) > (4) {10} else {xyzfunc(100, 200)}
