---
source: src/tokenizer.rs
expression: "contents.lines().filter_map(|line|\n                if line != \"\" {\n                        Some(format!(\"{line}\\n{:#?}\", Tokens :: from_str(line)))\n                    } else { None }).collect::<Vec<String>>().join(\"\\n\\n\")"
---
(if true 10 else 4)
Ok(
    Tokens(
        [
            ParenOpen,
            Keyword(
                If,
            ),
            Literal(
                Bool(
                    true,
                ),
            ),
            Literal(
                Int(
                    Int(
                        false,
                        10,
                    ),
                ),
            ),
            Keyword(
                Else,
            ),
            Literal(
                Int(
                    Int(
                        false,
                        4,
                    ),
                ),
            ),
            ParenClose,
        ],
    ),
)

(if (= 10 5) 10 else (func 4 10))
Ok(
    Tokens(
        [
            ParenOpen,
            Keyword(
                If,
            ),
            ParenOpen,
            Char(
                '=',
            ),
            Literal(
                Int(
                    Int(
                        false,
                        10,
                    ),
                ),
            ),
            Literal(
                Int(
                    Int(
                        false,
                        5,
                    ),
                ),
            ),
            ParenClose,
            Literal(
                Int(
                    Int(
                        false,
                        10,
                    ),
                ),
            ),
            Keyword(
                Else,
            ),
            ParenOpen,
            Identifier(
                "func",
            ),
            Literal(
                Int(
                    Int(
                        false,
                        4,
                    ),
                ),
            ),
            Literal(
                Int(
                    Int(
                        false,
                        10,
                    ),
                ),
            ),
            ParenClose,
            ParenClose,
        ],
    ),
)

(if (= (func 1 10) (xyzfunc 100 (+ 1 10))) 100 elif (> 10 4) 10 else (xyzfunc 100 200))
Ok(
    Tokens(
        [
            ParenOpen,
            Keyword(
                If,
            ),
            ParenOpen,
            Char(
                '=',
            ),
            ParenOpen,
            Identifier(
                "func",
            ),
            Literal(
                Int(
                    Int(
                        false,
                        1,
                    ),
                ),
            ),
            Literal(
                Int(
                    Int(
                        false,
                        10,
                    ),
                ),
            ),
            ParenClose,
            ParenOpen,
            Identifier(
                "xyzfunc",
            ),
            Literal(
                Int(
                    Int(
                        false,
                        100,
                    ),
                ),
            ),
            ParenOpen,
            Char(
                '+',
            ),
            Literal(
                Int(
                    Int(
                        false,
                        1,
                    ),
                ),
            ),
            Literal(
                Int(
                    Int(
                        false,
                        10,
                    ),
                ),
            ),
            ParenClose,
            ParenClose,
            ParenClose,
            Literal(
                Int(
                    Int(
                        false,
                        100,
                    ),
                ),
            ),
            Keyword(
                Elif,
            ),
            ParenOpen,
            AngleBracketClose,
            Literal(
                Int(
                    Int(
                        false,
                        10,
                    ),
                ),
            ),
            Literal(
                Int(
                    Int(
                        false,
                        4,
                    ),
                ),
            ),
            ParenClose,
            Literal(
                Int(
                    Int(
                        false,
                        10,
                    ),
                ),
            ),
            Keyword(
                Else,
            ),
            ParenOpen,
            Identifier(
                "xyzfunc",
            ),
            Literal(
                Int(
                    Int(
                        false,
                        100,
                    ),
                ),
            ),
            Literal(
                Int(
                    Int(
                        false,
                        200,
                    ),
                ),
            ),
            ParenClose,
            ParenClose,
        ],
    ),
)
