---
source: src/tokenizer.rs
expression: "contents.lines().filter_map(|line|\n                if line != \"\" {\n                        Some(format!(\"{line}\\n{:#?}\", Tokens :: from_str(line)))\n                    } else { None }).collect::<Vec<String>>().join(\"\\n\\n\")"
---
(if true 10 4)
Ok(
    Tokens(
        [
            ParenOpen,
            Keyword(
                If,
            ),
            Literal(
                Bool(
                    true,
                ),
            ),
            Literal(
                Int(
                    false,
                    10,
                ),
            ),
            Literal(
                Int(
                    false,
                    4,
                ),
            ),
            ParenClose,
        ],
    ),
)

(if (= 10 5) 10 (func 4 10))
Ok(
    Tokens(
        [
            ParenOpen,
            Keyword(
                If,
            ),
            ParenOpen,
            Identifier(
                "=",
            ),
            Literal(
                Int(
                    false,
                    10,
                ),
            ),
            Literal(
                Int(
                    false,
                    5,
                ),
            ),
            ParenClose,
            Literal(
                Int(
                    false,
                    10,
                ),
            ),
            ParenOpen,
            Identifier(
                "func",
            ),
            Literal(
                Int(
                    false,
                    4,
                ),
            ),
            Literal(
                Int(
                    false,
                    10,
                ),
            ),
            ParenClose,
            ParenClose,
        ],
    ),
)

(if (= (func 1 10) (xyzfunc 100 (+ 1 10))) 100 (xyzfunc 100 200))
Ok(
    Tokens(
        [
            ParenOpen,
            Keyword(
                If,
            ),
            ParenOpen,
            Identifier(
                "=",
            ),
            ParenOpen,
            Identifier(
                "func",
            ),
            Literal(
                Int(
                    false,
                    1,
                ),
            ),
            Literal(
                Int(
                    false,
                    10,
                ),
            ),
            ParenClose,
            ParenOpen,
            Identifier(
                "xyzfunc",
            ),
            Literal(
                Int(
                    false,
                    100,
                ),
            ),
            ParenOpen,
            Identifier(
                "+",
            ),
            Literal(
                Int(
                    false,
                    1,
                ),
            ),
            Literal(
                Int(
                    false,
                    10,
                ),
            ),
            ParenClose,
            ParenClose,
            ParenClose,
            Literal(
                Int(
                    false,
                    100,
                ),
            ),
            ParenOpen,
            Identifier(
                "xyzfunc",
            ),
            Literal(
                Int(
                    false,
                    100,
                ),
            ),
            Literal(
                Int(
                    false,
                    200,
                ),
            ),
            ParenClose,
            ParenClose,
        ],
    ),
)
